// Jest Snapshot v1, https://goo.gl/fbAQLP

exports[`Pruebas en <DeletedEventFab/> debe renderizar correctamente el componente 1`] = `
<button
  className="btn btn-outline-danger fab-danger"
  onClick={[Function]}
>
  <i
    className="fa fa-trash"
  />
  <span>
    Borrar Evento
  </span>
</button>
`;
